# serializer version: 1
# name: TestFormatSignalMessage.test_safe_usdt_rejected
  '''
  <code>[ACTION]</code> 🟢 <b>LONG <code>SAFE-USDT</code></b> <code>#<TRACKING_REF></code>
  Turtle soup · <code>15m</code> · <code>15%</code>
  Вход <code>0.09470-0.09470</code> · SL <code>0.08920</code> · TP1 <code>0.09920</code> · TP2 <code>0.14292</code> · TP3 <code>0.12220</code>
  RR1 <code>0.8</code> · RR2 <code>8.8</code> · RR3 <code>5.0</code> · риск <code>5.8%</code>
  inv <code>false breakout becomes a real breakout</code>
  лимит в зоне · ждём до N мин
  <i>Пропустить, если цена ушла &gt;0.40% от зоны входа</i>
  <a href="https://www.tradingview.com/chart/?symbol=BINANCE:SAFEUSDT.P&amp;interval=15">TradingView</a>
  '''
# ---
# name: TestFormatSignalMessage.test_xag_short_activated
  '''
  <code>[ACTION]</code> 🔴 <b>SHORT <code>XAG-USDT</code></b> <code>#<TRACKING_REF></code>
  Structure pullback · <code>15m</code> · <code>52%</code>
  Вход <code>57.226-57.623</code> · SL <code>58.120</code> · TP1 <code>56.798</code> · TP2 <code>56.410</code> · TP3 <code>55.730</code>
  RR1 <code>0.9</code> · RR2 <code>1.5</code> · RR3 <code>2.4</code> · риск <code>1.2%</code>
  ctx <code>ATR 0.85% | spread 3.2 bps | ADX1h 22.0 | vol 1.40x</code>
  inv <code>pullback leg closes beyond the protected swing</code>
  лимит в зоне · ждём до N мин
  <i>Пропустить, если цена ушла &gt;0.40% от зоны входа</i>
  <a href="https://www.tradingview.com/chart/?symbol=BINANCE:XAGUSDT.P&amp;interval=15">TradingView</a>
  '''
# ---
